--- dark ---
[48;2;20;18;32m [38;2;156;140;245m▸[39m [38;2;232;229;242;1mpc[39;22m [38;2;114;107;138m0.1.0[39m  [38;2;16;13;26;48;2;156;140;245;1m GPU [39;48;2;20;18;32;22m [38;2;154;147;176m Processes [39m [38;2;154;147;176m RGB [39m [38;2;154;147;176m Audio [39m [38;2;154;147;176m System [39m                           [m
[38;2;16;13;26;48;2;156;140;245;1m G   [38;2;44;40;66;48;2;20;18;32;22m╭[39m [38;2;154;147;176mNVIDIA GeForce RTX 3070[39m [38;2;44;40;66m────────────────────────────────────────────[39m [38;2;114;107;138mP2[39m [38;2;44;40;66m╮[m
[38;2;154;147;176;48;2;20;18;32m P   [38;2;44;40;66m│[39m [38;2;154;147;176mtemp   [39m [38;2;93;190;142m██████████[38;2;114;107;138m──────[39m [38;2;93;190;142m  67%[39m [38;2;232;229;242m61°C              [39m                     [38;2;156;140;245m▁[39m [38;2;44;40;66m│[m
[38;2;154;147;176;48;2;20;18;32m R   [38;2;44;40;66m│[39m [38;2;154;147;176mfan    [39m [38;2;93;190;142m███████[38;2;114;107;138m─────────[39m [38;2;93;190;142m  45%[39m [38;2;232;229;242mduty cycle        [39m                       [38;2;44;40;66m│[m
[38;2;154;147;176;48;2;20;18;32m A   [38;2;44;40;66m│[39m [38;2;154;147;176mpower  [39m [38;2;212;165;74m█████████████[38;2;114;107;138m───[39m [38;2;212;165;74m  85%[39m [38;2;232;229;242m187 / 220 W       [39m                     [38;2;156;140;245m▁[39m [38;2;44;40;66m│[m
[38;2;154;147;176;48;2;20;18;32m S   [38;2;44;40;66m│[39m [38;2;154;147;176mutil   [39m [38;2;156;140;245m███████████████[38;2;114;107;138m─[39m [38;2;156;140;245m  97%[39m [38;2;232;229;242m                  [39m                     [38;2;156;140;245m▁[39m [38;2;44;40;66m│[m
[48;2;20;18;32m     [38;2;44;40;66m│[39m [38;2;154;147;176mvram   [39m [38;2;156;140;245m███████████[38;2;114;107;138m─────[39m [38;2;156;140;245m  74%[39m [38;2;232;229;242m6120 / 8192 MiB   [39m                       [38;2;44;40;66m│[m
[48;2;20;18;32m     [38;2;44;40;66m│[39m [38;2;154;147;176mclock  [39m [38;2;156;140;245m██████████████[38;2;114;107;138m──[39m [38;2;156;140;245m  90%[39m [38;2;232;229;242m1905 / 2100 MHz   [39m                       [38;2;44;40;66m│[m
[48;2;20;18;32m     [38;2;44;40;66m│[39m                                                                         [38;2;44;40;66m│[m
[48;2;20;18;32m     [38;2;44;40;66m│[39m [38;2;93;190;142m✓ not throttling[39m                                                        [38;2;44;40;66m│[m
[48;2;20;18;32m     [38;2;44;40;66m╰─────────────────────────────────────────────────────────────────────────╯[m
[48;2;20;18;32m     [38;2;156;140;245;1m┏[39;22m [38;2;156;140;245;1mProcesses[39;22m [38;2;156;140;245;1m━━━━━━━━━━━━━━━━━━━━━━━━━━━━━━━━━━[39;22m [38;2;114;107;138m2[39m [38;2;156;140;245;1m┓[38;2;44;40;66;22m╭[39m [38;2;154;147;176mTuning[39m [38;2;44;40;66m───────────────╮[m
[48;2;20;18;32m     [38;2;156;140;245;1m┃[39;22m [38;2;114;107;138mPROCESS                PID T   SM  MEM        [39m [38;2;156;140;245;1m┃[38;2;44;40;66;22m│[39m [38;2;154;147;176mPower limit[39m  [38;2;232;229;242m220 W[39m    [38;2;44;40;66m│[m
[48;2;20;18;32m     [38;2;156;140;245;1m┃[39;22m [38;2;16;13;26;48;2;156;140;245;1mpython3               4242 C  88%  41%        [39;48;2;20;18;32;22m [38;2;156;140;245;1m┃[38;2;44;40;66;22m│[39m [38;2;154;147;176mClock cap  [39m  [38;2;232;229;242munlocked[39m [38;2;44;40;66m│[m
[48;2;20;18;32m     [38;2;156;140;245;1m┃[39;22m [38;2;232;229;242mXwayland              1337 G   4%   3% session[39m [38;2;156;140;245;1m┃[38;2;44;40;66;22m│[39m [38;2;154;147;176mFans       [39m  [38;2;232;229;242mauto[39m     [38;2;44;40;66m│[m
[48;2;20;18;32m     [38;2;156;140;245;1m┃[39;22m                                                [38;2;156;140;245;1m┃[38;2;44;40;66;22m│[39m                       [38;2;44;40;66m│[m
[48;2;20;18;32m     [38;2;156;140;245;1m┃[39;22m                                                [38;2;156;140;245;1m┃[38;2;44;40;66;22m│[39m [38;2;156;140;245m- =[39m  [38;2;154;147;176mpower ±10 W[39m      [38;2;44;40;66m│[m
[48;2;20;18;32m     [38;2;156;140;245;1m┃[39;22m                                                [38;2;156;140;245;1m┃[38;2;44;40;66;22m│[39m [38;2;156;140;245m{ }[39m  [38;2;154;147;176mclocks ±100 MHz[39m  [38;2;44;40;66m│[m
[48;2;20;18;32m     [38;2;156;140;245;1m┃[39;22m                                                [38;2;156;140;245;1m┃[38;2;44;40;66;22m│[39m [38;2;156;140;245mf  [39m  [38;2;154;147;176mcycle fans[39m       [38;2;44;40;66m│[m
[48;2;20;18;32m     [38;2;156;140;245;1m┃[39;22m                                                [38;2;156;140;245;1m┃[38;2;44;40;66;22m│[39m [38;2;156;140;245mr  [39m  [38;2;154;147;176mreset all[39m        [38;2;44;40;66m│[m
[48;2;20;18;32m     [38;2;156;140;245;1m┃[39;22m                                                [38;2;156;140;245;1m┃[38;2;44;40;66;22m│[39m                       [38;2;44;40;66m│[m
[48;2;20;18;32m     [38;2;156;140;245;1m┃[39;22m                                                [38;2;156;140;245;1m┃[38;2;44;40;66;22m│[39m                       [38;2;44;40;66m│[m
[48;2;20;18;32m     [38;2;156;140;245;1m┗[39;22m [38;2;156;140;245mx[39m [38;2;154;147;176mKill[39m [38;2;156;140;245;1m━━━━━━━━━━━━━━━━━━━━━━━━━━━━━━━━━━━━━━━━┛[38;2;44;40;66;22m╰───────────────────────╯[m
[48;2;20;18;32m [38;2;156;140;245mtab[39m [38;2;154;147;176mFocus[39m  [38;2;156;140;245mv[39m [38;2;154;147;176mJump[39m  [38;2;156;140;245m][39m [38;2;154;147;176mSection[39m  [38;2;156;140;245m-[39m [38;2;154;147;176mPower[39m  [38;2;156;140;245m{[39m [38;2;154;147;176mClocks[39m  [38;2;156;140;245mf[39m [38;2;154;147;176mFans[39m  [38;2;156;140;245mx[39m [38;2;154;147;176mKill[38;2;114;107;138m…[38;2;156;140;245mctrl+k[39m [38;2;154;147;176mpalette[39m [m
--- ascii ---
 [1m>[m [1mpc[m 0.1.0  [1;7m GPU [m  Processes   RGB   Audio   System
[1;7m G   [m+ NVIDIA GeForce RTX 3070 -------------------------------------------- P2 +
 P   | temp    @@@@@@@@@@[2m------[m   67% 61°C                                   [1m.[m |
 R   | fan     @@@@@@@[2m---------[m   45% duty cycle                               |
 A   | power   [1m@@@@@@@@@@@@@[22;2m---[m [1m  85%[m 187 / 220 W                            [1m.[m |
 S   | util    [1m@@@@@@@@@@@@@@@[22;2m-[m [1m  97%[m                                        [1m.[m |
     | vram    [1m@@@@@@@@@@@[22;2m-----[m [1m  74%[m 6120 / 8192 MiB                          |
     | clock   [1m@@@@@@@@@@@@@@[22;2m--[m [1m  90%[m 1905 / 2100 MHz                          |
     |                                                                         |
     | + not throttling                                                        |
     +-------------------------------------------------------------------------+
     [1m#[m [1mProcesses[m [1m==================================[m 2 [1m#[m+ Tuning ---------------+
     [1m|[m PROCESS                PID T   SM  MEM         [1m|[m| Power limit  220 W    |
     [1m|[m [1;7mpython3               4242 C  88%  41%        [m [1m|[m| Clock cap    unlocked |
     [1m|[m Xwayland              1337 G   4%   3% session [1m|[m| Fans         auto     |
     [1m|[m                                                [1m|[m|                       |
     [1m|[m                                                [1m|[m| [1m- =[m  power ±10 W      |
     [1m|[m                                                [1m|[m| [1m{ }[m  clocks ±100 MHz  |
     [1m|[m                                                [1m|[m| [1mf  [m  cycle fans       |
     [1m|[m                                                [1m|[m| [1mr  [m  reset all        |
     [1m|[m                                                [1m|[m|                       |
     [1m|[m                                                [1m|[m|                       |
     [1m#[m [1mx[m Kill [1m========================================#[m+-----------------------+
 [1mtab[m Focus  [1mv[m Jump  [1m][m Section  [1m-[m Power  [1m{[m Clocks  [1mf[m Fans  [1mx[m Ki...[1mctrl+k[m palette
--- dark ---
[48;2;20;18;32m [38;2;156;140;245m▸[39m [38;2;232;229;242;1mpc[39;22m [38;2;114;107;138m0.1.0[39m  [38;2;16;13;26;48;2;156;140;245;1m GPU [39;48;2;20;18;32;22m [38;2;154;147;176m Processes [39m [38;2;154;147;176m RGB [39m [38;2;154;147;176m Audio [39m [38;2;154;147;176m System [39m                                                                   [m
[38;2;16;13;26;48;2;156;140;245;1m GPU                        [38;2;44;40;66;48;2;20;18;32;22m╭[39m [38;2;154;147;176mNVIDIA GeForce RTX 3070[39m [38;2;44;40;66m─────────────────────────────────────────────────────────────[39m [38;2;114;107;138mP2[39m [38;2;44;40;66m╮[m
[38;2;154;147;176;48;2;20;18;32m Processes                  [38;2;44;40;66m│[39m [38;2;154;147;176mtemp   [39m [38;2;93;190;142m████████████████████[38;2;114;107;138m──────────[39m [38;2;93;190;142m  67%[39m [38;2;232;229;242m61°C              [39m                        [38;2;156;140;245m▁[39m [38;2;44;40;66m│[m
[38;2;154;147;176;48;2;20;18;32m RGB                        [38;2;44;40;66m│[39m [38;2;154;147;176mfan    [39m [38;2;93;190;142m█████████████[38;2;114;107;138m─────────────────[39m [38;2;93;190;142m  45%[39m [38;2;232;229;242mduty cycle        [39m                          [38;2;44;40;66m│[m
[38;2;154;147;176;48;2;20;18;32m Audio                      [38;2;44;40;66m│[39m [38;2;154;147;176mpower  [39m [38;2;212;165;74m█████████████████████████[38;2;114;107;138m─────[39m [38;2;212;165;74m  85%[39m [38;2;232;229;242m187 / 220 W       [39m                        [38;2;156;140;245m▁[39m [38;2;44;40;66m│[m
[38;2;154;147;176;48;2;20;18;32m System                     [38;2;44;40;66m│[39m [38;2;154;147;176mutil   [39m [38;2;156;140;245m█████████████████████████████[38;2;114;107;138m─[39m [38;2;156;140;245m  97%[39m [38;2;232;229;242m                  [39m                        [38;2;156;140;245m▁[39m [38;2;44;40;66m│[m
[48;2;20;18;32m                            [38;2;44;40;66m│[39m [38;2;154;147;176mvram   [39m [38;2;156;140;245m██████████████████████[38;2;114;107;138m────────[39m [38;2;156;140;245m  74%[39m [38;2;232;229;242m6120 / 8192 MiB   [39m                          [38;2;44;40;66m│[m
[48;2;20;18;32m                            [38;2;44;40;66m│[39m [38;2;154;147;176mclock  [39m [38;2;156;140;245m███████████████████████████[38;2;114;107;138m───[39m [38;2;156;140;245m  90%[39m [38;2;232;229;242m1905 / 2100 MHz   [39m                          [38;2;44;40;66m│[m
[48;2;20;18;32m                            [38;2;44;40;66m│[39m                                                                                          [38;2;44;40;66m│[m
[48;2;20;18;32m                            [38;2;44;40;66m│[39m [38;2;93;190;142m✓ not throttling[39m                                                                         [38;2;44;40;66m│[m
[48;2;20;18;32m                            [38;2;44;40;66m╰──────────────────────────────────────────────────────────────────────────────────────────╯[m
[48;2;20;18;32m                            [38;2;156;140;245;1m┏[39;22m [38;2;156;140;245;1mProcesses[39;22m [38;2;156;140;245;1m━━━━━━━━━━━━━━━━━━━━━━━━━━━━━━━━━━━━━━━━━━━━━━[39;22m [38;2;114;107;138m2[39m [38;2;156;140;245;1m┓[38;2;44;40;66;22m╭[39m [38;2;154;147;176mTuning[39m [38;2;44;40;66m────────────────────╮[m
[48;2;20;18;32m                            [38;2;156;140;245;1m┃[39;22m [38;2;114;107;138mPROCESS                            PID T   SM  MEM        [39m [38;2;156;140;245;1m┃[38;2;44;40;66;22m│[39m [38;2;154;147;176mPower limit[39m  [38;2;232;229;242m220 W[39m         [38;2;44;40;66m│[m
[48;2;20;18;32m                            [38;2;156;140;245;1m┃[39;22m [38;2;16;13;26;48;2;156;140;245;1mpython3                           4242 C  88%  41%        [39;48;2;20;18;32;22m [38;2;156;140;245;1m┃[38;2;44;40;66;22m│[39m [38;2;154;147;176mClock cap  [39m  [38;2;232;229;242munlocked[39m      [38;2;44;40;66m│[m
[48;2;20;18;32m                            [38;2;156;140;245;1m┃[39;22m [38;2;232;229;242mXwayland                          1337 G   4%   3% session[39m [38;2;156;140;245;1m┃[38;2;44;40;66;22m│[39m [38;2;154;147;176mFans       [39m  [38;2;232;229;242mauto[39m          [38;2;44;40;66m│[m
[48;2;20;18;32m                            [38;2;156;140;245;1m┃[39;22m                                                            [38;2;156;140;245;1m┃[38;2;44;40;66;22m│[39m                            [38;2;44;40;66m│[m
[48;2;20;18;32m                            [38;2;156;140;245;1m┃[39;22m                                                            [38;2;156;140;245;1m┃[38;2;44;40;66;22m│[39m [38;2;156;140;245m- =[39m  [38;2;154;147;176mpower ±10 W[39m           [38;2;44;40;66m│[m
[48;2;20;18;32m                            [38;2;156;140;245;1m┃[39;22m                                                            [38;2;156;140;245;1m┃[38;2;44;40;66;22m│[39m [38;2;156;140;245m{ }[39m  [38;2;154;147;176mclocks ±100 MHz[39m       [38;2;44;40;66m│[m
[48;2;20;18;32m                            [38;2;156;140;245;1m┃[39;22m                                                            [38;2;156;140;245;1m┃[38;2;44;40;66;22m│[39m [38;2;156;140;245mf  [39m  [38;2;154;147;176mcycle fans[39m            [38;2;44;40;66m│[m
[48;2;20;18;32m                            [38;2;156;140;245;1m┃[39;22m                                                            [38;2;156;140;245;1m┃[38;2;44;40;66;22m│[39m [38;2;156;140;245mr  [39m  [38;2;154;147;176mreset all[39m             [38;2;44;40;66m│[m
[48;2;20;18;32m                            [38;2;156;140;245;1m┃[39;22m                                                            [38;2;156;140;245;1m┃[38;2;44;40;66;22m│[39m                            [38;2;44;40;66m│[m
[48;2;20;18;32m                            [38;2;156;140;245;1m┃[39;22m                                                            [38;2;156;140;245;1m┃[38;2;44;40;66;22m│[39m                            [38;2;44;40;66m│[m
[48;2;20;18;32m                            [38;2;156;140;245;1m┃[39;22m                                                            [38;2;156;140;245;1m┃[38;2;44;40;66;22m│[39m                            [38;2;44;40;66m│[m
[48;2;20;18;32m                            [38;2;156;140;245;1m┃[39;22m                                                            [38;2;156;140;245;1m┃[38;2;44;40;66;22m│[39m                            [38;2;44;40;66m│[m
[48;2;20;18;32m                            [38;2;156;140;245;1m┃[39;22m                                                            [38;2;156;140;245;1m┃[38;2;44;40;66;22m│[39m                            [38;2;44;40;66m│[m
[48;2;20;18;32m                            [38;2;156;140;245;1m┃[39;22m                                                            [38;2;156;140;245;1m┃[38;2;44;40;66;22m│[39m                            [38;2;44;40;66m│[m
[48;2;20;18;32m                            [38;2;156;140;245;1m┃[39;22m                                                            [38;2;156;140;245;1m┃[38;2;44;40;66;22m│[39m                            [38;2;44;40;66m│[m
[48;2;20;18;32m                            [38;2;156;140;245;1m┃[39;22m                                                            [38;2;156;140;245;1m┃[38;2;44;40;66;22m│[39m                            [38;2;44;40;66m│[m
[48;2;20;18;32m                            [38;2;156;140;245;1m┃[39;22m                                                            [38;2;156;140;245;1m┃[38;2;44;40;66;22m│[39m                            [38;2;44;40;66m│[m
[48;2;20;18;32m                            [38;2;156;140;245;1m┃[39;22m                                                            [38;2;156;140;245;1m┃[38;2;44;40;66;22m│[39m                            [38;2;44;40;66m│[m
[48;2;20;18;32m                            [38;2;156;140;245;1m┃[39;22m                                                            [38;2;156;140;245;1m┃[38;2;44;40;66;22m│[39m                            [38;2;44;40;66m│[m
[48;2;20;18;32m                            [38;2;156;140;245;1m┃[39;22m                                                            [38;2;156;140;245;1m┃[38;2;44;40;66;22m│[39m                            [38;2;44;40;66m│[m
[48;2;20;18;32m                            [38;2;156;140;245;1m┃[39;22m                                                            [38;2;156;140;245;1m┃[38;2;44;40;66;22m│[39m                            [38;2;44;40;66m│[m
[48;2;20;18;32m                            [38;2;156;140;245;1m┃[39;22m                                                            [38;2;156;140;245;1m┃[38;2;44;40;66;22m│[39m                            [38;2;44;40;66m│[m
[48;2;20;18;32m                            [38;2;156;140;245;1m┃[39;22m                                                            [38;2;156;140;245;1m┃[38;2;44;40;66;22m│[39m                            [38;2;44;40;66m│[m
[48;2;20;18;32m                            [38;2;156;140;245;1m┃[39;22m                                                            [38;2;156;140;245;1m┃[38;2;44;40;66;22m│[39m                            [38;2;44;40;66m│[m
[48;2;20;18;32m                            [38;2;156;140;245;1m┃[39;22m                                                            [38;2;156;140;245;1m┃[38;2;44;40;66;22m│[39m                            [38;2;44;40;66m│[m
[48;2;20;18;32m                            [38;2;156;140;245;1m┃[39;22m                                                            [38;2;156;140;245;1m┃[38;2;44;40;66;22m│[39m                            [38;2;44;40;66m│[m
[48;2;20;18;32m                            [38;2;156;140;245;1m┗[39;22m [38;2;156;140;245mx[39m [38;2;154;147;176mKill[39m [38;2;156;140;245;1m━━━━━━━━━━━━━━━━━━━━━━━━━━━━━━━━━━━━━━━━━━━━━━━━━━━━┛[38;2;44;40;66;22m╰────────────────────────────╯[m
[48;2;20;18;32m [38;2;156;140;245mtab[39m [38;2;154;147;176mFocus[39m  [38;2;156;140;245mv[39m [38;2;154;147;176mJump[39m  [38;2;156;140;245m][39m [38;2;154;147;176mSection[39m  [38;2;156;140;245m-[39m [38;2;154;147;176mPower[39m  [38;2;156;140;245m{[39m [38;2;154;147;176mClocks[39m  [38;2;156;140;245mf[39m [38;2;154;147;176mFans[39m  [38;2;156;140;245mx[39m [38;2;154;147;176mKill[39m  [38;2;156;140;245mctrl+t[39m [38;2;154;147;176mTheme[39m  [38;2;156;140;245mctrl+r[39m [38;2;154;147;176mRefresh[39m  [38;2;156;140;245m?[39m [38;2;154;147;176mHelp[39m  [38;2;114;107;138m…[38;2;156;140;245mctrl+k[39m [38;2;154;147;176mpalette[39m [m
--- ascii ---
 [1m>[m [1mpc[m 0.1.0  [1;7m GPU [m  Processes   RGB   Audio   System
[1;7m GPU                        [m+ NVIDIA GeForce RTX 3070 ------------------------------------------------------------- P2 +
 Processes                  | temp    @@@@@@@@@@@@@@@@@@@@[2m----------[m   67% 61°C                                      [1m.[m |
 RGB                        | fan     @@@@@@@@@@@@@[2m-----------------[m   45% duty cycle                                  |
 Audio                      | power   [1m@@@@@@@@@@@@@@@@@@@@@@@@@[22;2m-----[m [1m  85%[m 187 / 220 W                               [1m.[m |
 System                     | util    [1m@@@@@@@@@@@@@@@@@@@@@@@@@@@@@[22;2m-[m [1m  97%[m                                           [1m.[m |
                            | vram    [1m@@@@@@@@@@@@@@@@@@@@@@[22;2m--------[m [1m  74%[m 6120 / 8192 MiB                             |
                            | clock   [1m@@@@@@@@@@@@@@@@@@@@@@@@@@@[22;2m---[m [1m  90%[m 1905 / 2100 MHz                             |
                            |                                                                                          |
                            | + not throttling                                                                         |
                            +------------------------------------------------------------------------------------------+
                            [1m#[m [1mProcesses[m [1m==============================================[m 2 [1m#[m+ Tuning --------------------+
                            [1m|[m PROCESS                            PID T   SM  MEM         [1m|[m| Power limit  220 W         |
                            [1m|[m [1;7mpython3                           4242 C  88%  41%        [m [1m|[m| Clock cap    unlocked      |
                            [1m|[m Xwayland                          1337 G   4%   3% session [1m|[m| Fans         auto          |
                            [1m|[m                                                            [1m|[m|                            |
                            [1m|[m                                                            [1m|[m| [1m- =[m  power ±10 W           |
                            [1m|[m                                                            [1m|[m| [1m{ }[m  clocks ±100 MHz       |
                            [1m|[m                                                            [1m|[m| [1mf  [m  cycle fans            |
                            [1m|[m                                                            [1m|[m| [1mr  [m  reset all             |
                            [1m|[m                                                            [1m|[m|                            |
                            [1m|[m                                                            [1m|[m|                            |
                            [1m|[m                                                            [1m|[m|                            |
                            [1m|[m                                                            [1m|[m|                            |
                            [1m|[m                                                            [1m|[m|                            |
                            [1m|[m                                                            [1m|[m|                            |
                            [1m|[m                                                            [1m|[m|                            |
                            [1m|[m                                                            [1m|[m|                            |
                            [1m|[m                                                            [1m|[m|                            |
                            [1m|[m                                                            [1m|[m|                            |
                            [1m|[m                                                            [1m|[m|                            |
                            [1m|[m                                                            [1m|[m|                            |
                            [1m|[m                                                            [1m|[m|                            |
                            [1m|[m                                                            [1m|[m|                            |
                            [1m|[m                                                            [1m|[m|                            |
                            [1m|[m                                                            [1m|[m|                            |
                            [1m|[m                                                            [1m|[m|                            |
                            [1m|[m                                                            [1m|[m|                            |
                            [1m#[m [1mx[m Kill [1m====================================================#[m+----------------------------+
 [1mtab[m Focus  [1mv[m Jump  [1m][m Section  [1m-[m Power  [1m{[m Clocks  [1mf[m Fans  [1mx[m Kill  [1mctrl+t[m Theme  [1mctrl+r[m Refresh  [1m?[m Help...[1mctrl+k[m palette
